00:00 +0: loading C:/Users/20101/StudioProjects/flower_shop/test/app/config/auth_storage/auth_storage_test.dart
00:00 +0: C:/Users/20101/StudioProjects/flower_shop/test/app/config/auth_storage/auth_storage_test.dart: AuthStorage Unit Tests saveToken & getToken
00:00 +1: C:/Users/20101/StudioProjects/flower_shop/test/app/config/auth_storage/auth_storage_test.dart: AuthStorage Unit Tests clearToken
00:00 +2: C:/Users/20101/StudioProjects/flower_shop/test/app/config/auth_storage/auth_storage_test.dart: AuthStorage Unit Tests saveUser & getUser
00:00 +3: C:/Users/20101/StudioProjects/flower_shop/test/app/config/auth_storage/auth_storage_test.dart: AuthStorage Unit Tests clearUser
00:00 +4: C:/Users/20101/StudioProjects/flower_shop/test/app/config/auth_storage/auth_storage_test.dart: AuthStorage Unit Tests setRememberMe & getRememberMe
00:00 +5: C:/Users/20101/StudioProjects/flower_shop/test/app/config/auth_storage/auth_storage_test.dart: AuthStorage Unit Tests clearAll resets everything
00:00 +6: C:/Users/20101/StudioProjects/flower_shop/test/features/app_start/presentation/manager/app_cubit_test.dart: CheckAuth Intent emits [loading, success] when getRememberMe returns true
00:00 +7: C:/Users/20101/StudioProjects/flower_shop/test/features/app_start/presentation/manager/app_cubit_test.dart: CheckAuth Intent emits [loading, success] when getRememberMe returns false
00:00 +8: C:/Users/20101/StudioProjects/flower_shop/test/features/app_start/presentation/manager/app_cubit_test.dart: CheckAuth Intent emits [loading, error] when getRememberMe throws exception
00:01 +9: C:/Users/20101/StudioProjects/flower_shop/test/features/auth/api/datasource/auth_remote_datasource_impl_test.dart: (setUpAll)
00:01 +9: C:/Users/20101/StudioProjects/flower_shop/test/features/auth/api/datasource/auth_remote_datasource_impl_test.dart: AuthDatasourceImp.login() returns SuccessApiResult when apiClient returns valid response
safeApiCall: Starting API call, isBaseResponse=false
00:01 +10: C:/Users/20101/StudioProjects/flower_shop/test/features/auth/api/datasource/auth_remote_datasource_impl_test.dart: AuthDatasourceImp.login() returns ErrorApiResult when apiClient throws Exception
safeApiCall: Starting API call, isBaseResponse=false
00:01 +11: C:/Users/20101/StudioProjects/flower_shop/test/features/auth/api/datasource/auth_remote_datasource_impl_test.dart: AuthRemoteDataSourceImpl.signUp() should return ApiSuccess when signup succeeds
safeApiCall: Starting API call, isBaseResponse=false
00:01 +12: C:/Users/20101/StudioProjects/flower_shop/test/features/auth/api/datasource/auth_remote_datasource_impl_test.dart: AuthRemoteDataSourceImpl.signUp() should return ApiFailure when signup throws exception
safeApiCall: Starting API call, isBaseResponse=false
00:01 +13: C:/Users/20101/StudioProjects/flower_shop/test/features/auth/api/datasource/auth_remote_datasource_impl_test.dart: AuthRemoteDataSourceImpl.logout() returns SuccessApiResult when apiClient returns valid response
safeApiCall: Starting API call, isBaseResponse=false
00:01 +14: C:/Users/20101/StudioProjects/flower_shop/test/features/auth/api/datasource/auth_remote_datasource_impl_test.dart: AuthRemoteDataSourceImpl.logout() returns ErrorApiResult when apiClient throws Exception
safeApiCall: Starting API call, isBaseResponse=false
00:01 +15: C:/Users/20101/StudioProjects/flower_shop/test/features/auth/api/datasource/auth_remote_datasource_impl_test.dart: (tearDownAll)
00:02 +15: C:/Users/20101/StudioProjects/flower_shop/test/features/auth/data/models/response/login_response_model_test.dart: User.toEntity() should convert User to UserModel correctly
00:02 +16: C:/Users/20101/StudioProjects/flower_shop/test/features/auth/data/models/response/login_response_model_test.dart: User.toEntity() should return default values when User fields are null
00:02 +17: C:/Users/20101/StudioProjects/flower_shop/test/features/auth/data/models/response/login_response_model_test.dart: LoginResponse.toEntity() should convert full LoginResponse to LoginModel
00:02 +18: C:/Users/20101/StudioProjects/flower_shop/test/features/auth/data/models/response/login_response_model_test.dart: LoginResponse.toEntity() should return default UserModel when user is null
00:03 +19: C:/Users/20101/StudioProjects/flower_shop/test/features/auth/data/models/user_model_test.dart: User.toEntity() should convert User to UserModel correctly
00:03 +20: C:/Users/20101/StudioProjects/flower_shop/test/features/auth/data/models/user_model_test.dart: User.toEntity() should return default values when User fields are null
00:03 +21: C:/Users/20101/StudioProjects/flower_shop/test/features/auth/data/models/user_model_test.dart: User.fromJson and toJson fromJson should parse JSON correctly
00:03 +22: C:/Users/20101/StudioProjects/flower_shop/test/features/auth/data/models/user_model_test.dart: User.fromJson and toJson toJson should convert User to JSON correctly
00:04 +23: C:/Users/20101/StudioProjects/flower_shop/test/features/auth/data/repos/auth_repo_impl_test.dart: (setUpAll)
00:04 +23: C:/Users/20101/StudioProjects/flower_shop/test/features/auth/data/repos/auth_repo_impl_test.dart: AuthRepoImp.login() returns SuccessApiResult when datasource returns valid response
00:04 +24: C:/Users/20101/StudioProjects/flower_shop/test/features/auth/data/repos/auth_repo_impl_test.dart: AuthRepoImp.login() returns ErrorApiResult when datasource returns ErrorApiResult
00:04 +25: C:/Users/20101/StudioProjects/flower_shop/test/features/auth/data/repos/auth_repo_impl_test.dart: AuthRepoImp.login() returns ErrorApiResult with Unknown error when datasource returns unexpected result
00:04 +26: C:/Users/20101/StudioProjects/flower_shop/test/features/auth/data/repos/auth_repo_impl_test.dart: AuthRepoImpl.signUp() should return ApiSuccess when datasource succeeds
00:04 +27: C:/Users/20101/StudioProjects/flower_shop/test/features/auth/data/repos/auth_repo_impl_test.dart: AuthRepoImpl.signUp() should return ApiFailure when datasource throws exception
00:04 +28: C:/Users/20101/StudioProjects/flower_shop/test/features/auth/data/repos/auth_repo_impl_test.dart: AuthRepoImp.logout() returns SuccessApiResult when datasource returns valid response
00:04 +29: C:/Users/20101/StudioProjects/flower_shop/test/features/auth/data/repos/auth_repo_impl_test.dart: AuthRepoImp.logout() returns ErrorApiResult when datasource returns ErrorApiResult
00:04 +30: C:/Users/20101/StudioProjects/flower_shop/test/features/auth/data/repos/auth_repo_impl_test.dart: AuthRepoImp.logout() returns ErrorApiResult with Unexpected error when datasource returns null
00:04 +31: C:/Users/20101/StudioProjects/flower_shop/test/features/auth/data/repos/auth_repo_impl_test.dart: (tearDownAll)
00:05 +31: C:/Users/20101/StudioProjects/flower_shop/test/features/auth/domain/usecase/auth_usecase_test.dart: (setUpAll)
00:05 +31: C:/Users/20101/StudioProjects/flower_shop/test/features/auth/domain/usecase/auth_usecase_test.dart: RegisterUseCase returns SuccessApiResult when repos returns success
00:05 +32: C:/Users/20101/StudioProjects/flower_shop/test/features/auth/domain/usecase/auth_usecase_test.dart: RegisterUseCase returns ErrorApiResult when repos returns error
00:05 +33: C:/Users/20101/StudioProjects/flower_shop/test/features/auth/domain/usecase/auth_usecase_test.dart: (tearDownAll)
00:06 +33: C:/Users/20101/StudioProjects/flower_shop/test/features/auth/domain/usecase/login_usecase_test.dart: LoginUseCase returns SuccessApiResult when repos returns success
00:06 +34: C:/Users/20101/StudioProjects/flower_shop/test/features/auth/domain/usecase/login_usecase_test.dart: LoginUseCase returns ErrorApiResult when repos returns error
00:07 +35: C:/Users/20101/StudioProjects/flower_shop/test/features/auth/domain/usecase/logout_usecase_test.dart: LogoutUsecase returns SuccessApiResult when repo returns success
00:07 +36: C:/Users/20101/StudioProjects/flower_shop/test/features/auth/domain/usecase/logout_usecase_test.dart: LogoutUsecase returns ErrorApiResult when repo returns error
00:08 +37: C:/Users/20101/StudioProjects/flower_shop/test/features/auth/presentation/login/manager/login_cubit_test.dart: PerformLogin Intent emits loading then success when usecase returns SuccessApiResult
00:08 +38: C:/Users/20101/StudioProjects/flower_shop/test/features/auth/presentation/login/manager/login_cubit_test.dart: PerformLogin Intent emits loading then error when usecase returns ErrorApiResult
00:08 +39: C:/Users/20101/StudioProjects/flower_shop/test/features/auth/presentation/login/manager/login_cubit_test.dart: ToggleRememberMe Intent updates rememberMe value in state
00:08 +40: C:/Users/20101/StudioProjects/flower_shop/test/features/auth/presentation/logout/manager/logout_cubit_test.dart: PerformLogout Intent emits loading then success when usecase returns SuccessApiResult
00:08 +41: C:/Users/20101/StudioProjects/flower_shop/test/features/auth/presentation/logout/manager/logout_cubit_test.dart: PerformLogout Intent emits loading then error when usecase returns ErrorApiResult
00:08 +42: C:/Users/20101/StudioProjects/flower_shop/test/features/auth/presentation/logout/manager/logout_cubit_test.dart: PerformLogout Intent emits error when token is null or empty
00:11 +43: C:/Users/20101/StudioProjects/flower_shop/test/features/auth/presentation/signup/manager/signup_bloc_test.dart: (setUpAll)
00:11 +43: C:/Users/20101/StudioProjects/flower_shop/test/features/auth/presentation/signup/manager/signup_bloc_test.dart: Signup Event emits loading then success when usecase returns SuccessApiResult
00:11 +44: C:/Users/20101/StudioProjects/flower_shop/test/features/auth/presentation/signup/manager/signup_bloc_test.dart: Signup Event emits loading then error when usecase returns ErrorApiResult
00:11 +45: C:/Users/20101/StudioProjects/flower_shop/test/features/auth/presentation/signup/manager/signup_bloc_test.dart: AuthCubit field changes emits state with changeFirstName=true
00:11 +46: C:/Users/20101/StudioProjects/flower_shop/test/features/auth/presentation/signup/manager/signup_bloc_test.dart: AuthCubit field changes emits state with changeLastName=true
00:11 +47: C:/Users/20101/StudioProjects/flower_shop/test/features/auth/presentation/signup/manager/signup_bloc_test.dart: AuthCubit field changes emits state with changeEmail=true
00:11 +48: C:/Users/20101/StudioProjects/flower_shop/test/features/auth/presentation/signup/manager/signup_bloc_test.dart: AuthCubit field changes emits state with changePassword=true
00:11 +49: C:/Users/20101/StudioProjects/flower_shop/test/features/auth/presentation/signup/manager/signup_bloc_test.dart: AuthCubit field changes emits state with changeConfirmPassword=true
00:11 +50: C:/Users/20101/StudioProjects/flower_shop/test/features/auth/presentation/signup/manager/signup_bloc_test.dart: AuthCubit field changes emits state with changePhone=true
00:11 +51: C:/Users/20101/StudioProjects/flower_shop/test/features/auth/presentation/signup/manager/signup_bloc_test.dart: AuthCubit field changes emits state with changeGender=true
00:11 +52: C:/Users/20101/StudioProjects/flower_shop/test/features/auth/presentation/signup/manager/signup_bloc_test.dart: (tearDownAll)
00:11 +52: C:/Users/20101/StudioProjects/flower_shop/test/features/best_seller/manager/best_seller_cubit_test.dart: BestSellerCubit initial state should have initial status
00:11 +53: C:/Users/20101/StudioProjects/flower_shop/test/features/best_seller/manager/best_seller_cubit_test.dart: BestSellerCubit should emit loading then success when usecase succeeds
00:12 +54: C:/Users/20101/StudioProjects/flower_shop/test/features/best_seller/manager/best_seller_cubit_test.dart: BestSellerCubit should emit loading then error when usecase fails
00:12 +55: C:/Users/20101/StudioProjects/flower_shop/test/features/best_seller/manager/best_seller_cubit_test.dart: BestSellerCubit should handle empty product list
00:12 +56: C:/Users/20101/StudioProjects/flower_shop/test/features/best_seller/manager/best_seller_event_test.dart: BestSellerState initial() should create state with initial status
00:12 +57: C:/Users/20101/StudioProjects/flower_shop/test/features/best_seller/manager/best_seller_event_test.dart: BestSellerState copyWith should update products status
00:12 +58: C:/Users/20101/StudioProjects/flower_shop/test/features/best_seller/manager/best_seller_event_test.dart: BestSellerState copyWith should update selectedIndex
00:12 +59: C:/Users/20101/StudioProjects/flower_shop/test/features/best_seller/manager/best_seller_event_test.dart: BestSellerState copyWith should update both properties
00:12 +60: C:/Users/20101/StudioProjects/flower_shop/test/features/best_seller/manager/best_seller_event_test.dart: BestSellerState copyWith without changes should return similar state
00:12 +61: C:/Users/20101/StudioProjects/flower_shop/test/features/best_seller/manager/best_seller_event_test.dart: BestSellerState states with same values have different instances by default
00:12 +62: C:/Users/20101/StudioProjects/flower_shop/test/features/best_seller/manager/best_seller_event_test.dart: BestSellerState should be able to create state with loading products
00:12 +63: C:/Users/20101/StudioProjects/flower_shop/test/features/best_seller/manager/best_seller_event_test.dart: BestSellerState should create state with success products
00:12 +64: C:/Users/20101/StudioProjects/flower_shop/test/features/best_seller/manager/best_seller_event_test.dart: BestSellerState should create state with error products
00:13 +65: C:/Users/20101/StudioProjects/flower_shop/test/features/best_seller/manager/best_seller_intent_test.dart: BestSellerIntent Tests LoadBestSellersEvent should extend BestSellerIntent
00:13 +66: C:/Users/20101/StudioProjects/flower_shop/test/features/best_seller/manager/best_seller_intent_test.dart: BestSellerIntent Tests LoadBestSellersEvent can be instantiated
00:13 +67: C:/Users/20101/StudioProjects/flower_shop/test/features/best_seller/manager/best_seller_intent_test.dart: BestSellerIntent Tests LoadBestSellersEvent toString should be descriptive
00:13 +68: C:/Users/20101/StudioProjects/flower_shop/test/features/best_seller/manager/best_seller_intent_test.dart: BestSellerIntent Tests LoadBestSellersEvent should have no parameters
00:14 +69: C:/Users/20101/StudioProjects/flower_shop/test/features/best_seller/manager/best_seller_state_test.dart: BestSellerState initial() should create state with initial status
00:14 +70: C:/Users/20101/StudioProjects/flower_shop/test/features/best_seller/manager/best_seller_state_test.dart: BestSellerState copyWith should update products status
00:14 +71: C:/Users/20101/StudioProjects/flower_shop/test/features/best_seller/manager/best_seller_state_test.dart: BestSellerState copyWith should update selectedIndex
00:14 +72: C:/Users/20101/StudioProjects/flower_shop/test/features/best_seller/manager/best_seller_state_test.dart: BestSellerState copyWith should update both properties
00:14 +73: C:/Users/20101/StudioProjects/flower_shop/test/features/best_seller/manager/best_seller_state_test.dart: BestSellerState copyWith without changes should return similar state
00:14 +74: C:/Users/20101/StudioProjects/flower_shop/test/features/best_seller/manager/best_seller_state_test.dart: BestSellerState states with same values have different instances by default
00:14 +75: C:/Users/20101/StudioProjects/flower_shop/test/features/best_seller/manager/best_seller_state_test.dart: BestSellerState should be able to create state with loading products
00:14 +76: C:/Users/20101/StudioProjects/flower_shop/test/features/best_seller/manager/best_seller_state_test.dart: BestSellerState should create state with success products
00:14 +77: C:/Users/20101/StudioProjects/flower_shop/test/features/best_seller/manager/best_seller_state_test.dart: BestSellerState should create state with error products
00:14 +78: C:/Users/20101/StudioProjects/flower_shop/test/features/checkout/api/checkout_data_source_imp_test.dart: (setUpAll)
00:15 +78: C:/Users/20101/StudioProjects/flower_shop/test/features/checkout/api/checkout_data_source_imp_test.dart: CheckoutDataSourceImp.cashOrder() returns SuccessApiResult when apiClient returns valid response
safeApiCall: Starting API call, isBaseResponse=false
00:15 +79: C:/Users/20101/StudioProjects/flower_shop/test/features/checkout/api/checkout_data_source_imp_test.dart: CheckoutDataSourceImp.cashOrder() returns ErrorApiResult when apiClient throws Exception
safeApiCall: Starting API call, isBaseResponse=false
00:15 +80: C:/Users/20101/StudioProjects/flower_shop/test/features/checkout/api/checkout_data_source_imp_test.dart: CheckoutDataSourceImp.getAddress() returns SuccessApiResult when apiClient returns valid response
safeApiCall: Starting API call, isBaseResponse=false
00:15 +81: C:/Users/20101/StudioProjects/flower_shop/test/features/checkout/api/checkout_data_source_imp_test.dart: CheckoutDataSourceImp.getAddress() returns ErrorApiResult when apiClient throws Exception
safeApiCall: Starting API call, isBaseResponse=false
00:15 +82: C:/Users/20101/StudioProjects/flower_shop/test/features/checkout/api/checkout_data_source_imp_test.dart: (tearDownAll)
00:15 +82: C:/Users/20101/StudioProjects/flower_shop/test/features/checkout/data/models/response/address_response_test.dart: AddressResponse fromJson parses AddressResponse correctly
00:15 +83: C:/Users/20101/StudioProjects/flower_shop/test/features/checkout/data/models/response/address_response_test.dart: AddressResponse toJson returns correct json structure
00:15 +84: C:/Users/20101/StudioProjects/flower_shop/test/features/checkout/data/models/response/address_response_test.dart: AddressResponse toDomain maps AddressResponse to List<AddressModel>
00:15 +85: C:/Users/20101/StudioProjects/flower_shop/test/features/checkout/data/models/response/address_response_test.dart: AddressResponse safeDouble handles null and invalid values
00:16 +86: C:/Users/20101/StudioProjects/flower_shop/test/features/checkout/data/models/response/cash_order_response_test.dart: CashOrderResponse fromJson parses CashOrderResponse correctly
00:16 +87: C:/Users/20101/StudioProjects/flower_shop/test/features/checkout/data/models/response/cash_order_response_test.dart: CashOrderResponse toDomain maps CashOrderResponse to CashOrderModel
00:16 +88: C:/Users/20101/StudioProjects/flower_shop/test/features/checkout/data/models/response/cash_order_response_test.dart: CashOrderResponse toJson returns valid json structure
00:17 +89: C:/Users/20101/StudioProjects/flower_shop/test/features/checkout/data/repos/checkout_repo_imp_test.dart: CheckoutRepoImpl.postCashOrder returns SuccessApiResult<CashOrderModel> when datasource succeeds
00:17 +90: C:/Users/20101/StudioProjects/flower_shop/test/features/checkout/data/repos/checkout_repo_imp_test.dart: CheckoutRepoImpl.postCashOrder returns ErrorApiResult when datasource fails
00:17 +91: C:/Users/20101/StudioProjects/flower_shop/test/features/checkout/data/repos/checkout_repo_imp_test.dart: CheckoutRepoImpl.getAddress returns SuccessApiResult<List<AddressModel>> when datasource succeeds
00:17 +92: C:/Users/20101/StudioProjects/flower_shop/test/features/checkout/data/repos/checkout_repo_imp_test.dart: CheckoutRepoImpl.getAddress returns ErrorApiResult when datasource fails
00:17 +93: C:/Users/20101/StudioProjects/flower_shop/test/features/checkout/domain/usecases/get_addresss_usecase_test.dart: (setUpAll)
00:17 +93: C:/Users/20101/StudioProjects/flower_shop/test/features/checkout/domain/usecases/get_addresss_usecase_test.dart: GetAddressUsecase returns SuccessApiResult<List<AddressModel>> when repo succeeds
00:17 +94: C:/Users/20101/StudioProjects/flower_shop/test/features/checkout/domain/usecases/get_addresss_usecase_test.dart: GetAddressUsecase returns ErrorApiResult when repo fails
00:17 +95: C:/Users/20101/StudioProjects/flower_shop/test/features/checkout/domain/usecases/get_addresss_usecase_test.dart: (tearDownAll)
00:18 +95: C:/Users/20101/StudioProjects/flower_shop/test/features/checkout/domain/usecases/post_cashe_order_usecase_test.dart: (setUpAll)
00:18 +95: C:/Users/20101/StudioProjects/flower_shop/test/features/checkout/domain/usecases/post_cashe_order_usecase_test.dart: PostCasheOrderUsecase returns SuccessApiResult<CashOrderModel> when repo succeeds
00:18 +96: C:/Users/20101/StudioProjects/flower_shop/test/features/checkout/domain/usecases/post_cashe_order_usecase_test.dart: PostCasheOrderUsecase returns ErrorApiResult when repo fails
00:18 +97: C:/Users/20101/StudioProjects/flower_shop/test/features/checkout/domain/usecases/post_cashe_order_usecase_test.dart: (tearDownAll)
00:19 +97: C:/Users/20101/StudioProjects/flower_shop/test/features/checkout/presentation/cubit/checkout_cubit_test.dart: (setUpAll)
00:19 +97: C:/Users/20101/StudioProjects/flower_shop/test/features/checkout/presentation/cubit/checkout_cubit_test.dart: CheckoutCubit - GetAddressIntent emits loading then success when address loaded successfully
00:19 +98: C:/Users/20101/StudioProjects/flower_shop/test/features/checkout/presentation/cubit/checkout_cubit_test.dart: CheckoutCubit - GetAddressIntent emits error when token is null
00:19 +99: C:/Users/20101/StudioProjects/flower_shop/test/features/checkout/presentation/cubit/checkout_cubit_test.dart: CheckoutCubit - CashOrderIntent emits loading then success when cash order succeeds
00:19 +100: C:/Users/20101/StudioProjects/flower_shop/test/features/checkout/presentation/cubit/checkout_cubit_test.dart: CheckoutCubit - CashOrderIntent emits error when cash order fails
00:19 +101: C:/Users/20101/StudioProjects/flower_shop/test/features/checkout/presentation/cubit/checkout_cubit_test.dart: CheckoutCubit - PlaceOrderIntent emits error when payment method is not selected
00:19 +102: C:/Users/20101/StudioProjects/flower_shop/test/features/checkout/presentation/cubit/checkout_cubit_test.dart: CheckoutCubit - PlaceOrderIntent triggers cash order when payment method is cash
00:19 +103: C:/Users/20101/StudioProjects/flower_shop/test/features/checkout/presentation/cubit/checkout_cubit_test.dart: (tearDownAll)
00:19 +103: C:/Users/20101/StudioProjects/flower_shop/test/features/checkout/presentation/widgets/address_test.dart: (setUpAll)
00:20 +103: C:/Users/20101/StudioProjects/flower_shop/test/features/checkout/presentation/widgets/address_test.dart: renders addresses and allows selection
flutter : ../../AppData/Local/Temp/flutter_tools.313ceb47/flutter_test_listener.2bdf8d84/listener.dart:21:21: Error: 
Undefined name 'main'.
At line:1 char:1
+ flutter test > test_output.txt 2>&1
+ ~~~~~~~~~~~~~~~~~~~~~~~~~~~~~~~~~~~
    + CategoryInfo          : NotSpecified: (../../AppData/L...ed name 'main'.:String) [], RemoteException
    + FullyQualifiedErrorId : NativeCommandError
 
  await Future(test.main);
                    ^^^^
00:22 +103: C:/Users/20101/StudioProjects/flower_shop/test/features/checkout/presentation/widgets/delivery_time_test.dart: DeliveryTimeWidget renders correctly
[34m[­ƒîÄ Easy Localization] [WARNING] Localization key [instant] not found[0m
[34m[­ƒîÄ Easy Localization] [WARNING] Localization key [arrive_by_datetime] not found[0m
[34m[­ƒîÄ Easy Localization] [WARNING] Localization key [schedule] not found[0m
00:22 +104: C:/Users/20101/StudioProjects/flower_shop/test/features/checkout/presentation/widgets/address_test.dart: renders addresses and allows selection
[34m[­ƒîÄ Easy Localization] [WARNING] Localization key [delivery_address] not found[0m
[34m[­ƒîÄ Easy Localization] [WARNING] Localization key [add_new] not found[0m
00:22 +105: C:/Users/20101/StudioProjects/flower_shop/test/features/checkout/presentation/widgets/gifts_test.dart: shows only switch when isGift is false
00:22 +105 -1: loading C:/Users/20101/StudioProjects/flower_shop/test/features/checkout/presentation/widgets/place_order_test.dart [E]
  Failed to load "C:/Users/20101/StudioProjects/flower_shop/test/features/checkout/presentation/widgets/place_order_test.dart":
  Compilation failed for testPath=C:/Users/20101/StudioProjects/flower_shop/test/features/checkout/presentation/widgets/place_order_test.dart: ../../AppData/Local/Temp/flutter_tools.313ceb47/flutter_test_listener.2bdf8d84/listener.dart:21:21: Error: Undefined name 'main'.
    await Future(test.main);
                      ^^^^
  .
00:24 +105 -1: C:/Users/20101/StudioProjects/flower_shop/test/features/checkout/presentation/widgets/gifts_test.dart: shows only switch when isGift is false
[34m[­ƒîÄ Easy Localization] [WARNING] Localization key [it_is_a_gift] not found[0m
00:24 +106 -1: C:/Users/20101/StudioProjects/flower_shop/test/features/checkout/presentation/widgets/order_status_test.dart: renders nothing when order is not successful
00:24 +106 -1: C:/Users/20101/StudioProjects/flower_shop/test/features/checkout/presentation/widgets/gifts_test.dart: shows input fields when isGift is true
[34m[­ƒîÄ Easy Localization] [WARNING] Localization key [it_is_a_gift] not found[0m
[34m[­ƒîÄ Easy Localization] [WARNING] Localization key [recipient_name] not found[0m
[34m[­ƒîÄ Easy Localization] [WARNING] Localization key [recipient_phone] not found[0m
00:24 +107 -1: C:/Users/20101/StudioProjects/flower_shop/test/features/checkout/presentation/widgets/order_status_test.dart: renders nothing when order is not successful
00:25 +108 -1: C:/Users/20101/StudioProjects/flower_shop/test/features/checkout/presentation/widgets/payment_test.dart: renders payment methods correctly
00:25 +109 -1: C:/Users/20101/StudioProjects/flower_shop/test/features/checkout/presentation/widgets/payment_test.dart: renders payment methods correctly
00:25 +110 -1: C:/Users/20101/StudioProjects/flower_shop/test/features/checkout/presentation/widgets/payment_test.dart: renders payment methods correctly
00:25 +111 -1: C:/Users/20101/StudioProjects/flower_shop/test/features/checkout/presentation/widgets/payment_test.dart: renders payment methods correctly
00:25 +111 -1: C:/Users/20101/StudioProjects/flower_shop/test/features/checkout/presentation/widgets/gifts_test.dart: typing triggers callbacks
[34m[­ƒîÄ Easy Localization] [WARNING] Localization key [it_is_a_gift] not found[0m
[34m[­ƒîÄ Easy Localization] [WARNING] Localization key [recipient_name] not found[0m
[34m[­ƒîÄ Easy Localization] [WARNING] Localization key [recipient_phone] not found[0m
00:25 +112 -1: C:/Users/20101/StudioProjects/flower_shop/test/features/checkout/presentation/widgets/payment_test.dart: renders payment methods correctly
00:25 +112 -1: C:/Users/20101/StudioProjects/flower_shop/test/features/checkout/presentation/widgets/gifts_test.dart: toggling switch triggers callback
[34m[­ƒîÄ Easy Localization] [WARNING] Localization key [it_is_a_gift] not found[0m
00:25 +113 -1: C:/Users/20101/StudioProjects/flower_shop/test/features/checkout/presentation/widgets/payment_test.dart: renders payment methods correctly
[34m[­ƒîÄ Easy Localization] [WARNING] Localization key [payment_method] not found[0m
[34m[­ƒîÄ Easy Localization] [WARNING] Localization key [cash_on_delivery] not found[0m
[34m[­ƒîÄ Easy Localization] [WARNING] Localization key [credit_card] not found[0m
00:25 +114 -1: C:/Users/20101/StudioProjects/flower_shop/test/features/checkout/presentation/widgets/payment_test.dart: selecting cash triggers ChangePaymentMethodIntent
[34m[­ƒîÄ Easy Localization] [WARNING] Localization key [payment_method] not found[0m
[34m[­ƒîÄ Easy Localization] [WARNING] Localization key [cash_on_delivery] not found[0m
[34m[­ƒîÄ Easy Localization] [WARNING] Localization key [credit_card] not found[0m
00:26 +115 -1: C:/Users/20101/StudioProjects/flower_shop/test/features/checkout/presentation/widgets/payment_test.dart: selecting card triggers ChangePaymentMethodIntent
[34m[­ƒîÄ Easy Localization] [WARNING] Localization key [payment_method] not found[0m
[34m[­ƒîÄ Easy Localization] [WARNING] Localization key [cash_on_delivery] not found[0m
[34m[­ƒîÄ Easy Localization] [WARNING] Localization key [credit_card] not found[0m
00:26 +116 -1: C:/Users/20101/StudioProjects/flower_shop/test/features/checkout/presentation/widgets/payment_test.dart: (tearDownAll)
00:29 +116 -1: C:/Users/20101/StudioProjects/flower_shop/test/features/checkout/presentation/widgets/total_price_test.dart: shows zero when no order exists
00:30 +117 -1: C:/Users/20101/StudioProjects/flower_shop/test/features/checkout/presentation/widgets/total_price_test.dart: shows zero when no order exists
00:30 +117 -1: C:/Users/20101/StudioProjects/flower_shop/test/features/edit_profile/api/edit_profile_data_source_imp_test.dart: editProfile should return ErrorApiResult when DataSource throws
[34m[­ƒîÄ Easy Localization] [WARNING] Localization key [error_message] not found[0m
00:30 +118 -1: C:/Users/20101/StudioProjects/flower_shop/test/features/checkout/presentation/widgets/total_price_test.dart: shows zero when no order exists
00:30 +119 -1: C:/Users/20101/StudioProjects/flower_shop/test/features/checkout/presentation/widgets/total_price_test.dart: shows zero when no order exists
00:30 +119 -1: C:/Users/20101/StudioProjects/flower_shop/test/features/edit_profile/api/edit_profile_data_source_imp_test.dart: uploadPhoto should return ErrorApiResult when DataSource throws
[34m[­ƒîÄ Easy Localization] [WARNING] Localization key [error_message] not found[0m
00:30 +120 -1: C:/Users/20101/StudioProjects/flower_shop/test/features/checkout/presentation/widgets/total_price_test.dart: shows zero when no order exists
00:31 +121 -1: C:/Users/20101/StudioProjects/flower_shop/test/features/checkout/presentation/widgets/total_price_test.dart: shows zero when no order exists
00:31 +122 -1: C:/Users/20101/StudioProjects/flower_shop/test/features/checkout/presentation/widgets/total_price_test.dart: shows zero when no order exists
00:31 +123 -1: C:/Users/20101/StudioProjects/flower_shop/test/features/checkout/presentation/widgets/total_price_test.dart: shows zero when no order exists
[34m[­ƒîÄ Easy Localization] [WARNING] Localization key [total] not found[0m
00:31 +124 -1: C:/Users/20101/StudioProjects/flower_shop/test/features/checkout/presentation/widgets/total_price_test.dart: shows total price when order exists
[34m[­ƒîÄ Easy Localization] [WARNING] Localization key [total] not found[0m
00:31 +125 -1: C:/Users/20101/StudioProjects/flower_shop/test/features/checkout/presentation/widgets/total_price_test.dart: updates when cubit state changes
[34m[­ƒîÄ Easy Localization] [WARNING] Localization key [total] not found[0m
00:32 +126 -1: C:/Users/20101/StudioProjects/flower_shop/test/features/edit_profile/data/model/response/edit_profile_resonse_test.dart: EditProfileResponse fromJson parses response correctly
00:32 +127 -1: C:/Users/20101/StudioProjects/flower_shop/test/features/edit_profile/data/model/response/edit_profile_resonse_test.dart: EditProfileResponse toJson converts response correctly
00:32 +128 -1: C:/Users/20101/StudioProjects/flower_shop/test/features/edit_profile/data/model/response/edit_profile_resonse_test.dart: EditProfileResponse handles null user correctly
00:32 +129 -1: C:/Users/20101/StudioProjects/flower_shop/test/features/edit_profile/data/model/response/edit_profile_resonse_test.dart: User fromJson handles minimal data
00:32 +130 -1: C:/Users/20101/StudioProjects/flower_shop/test/features/edit_profile/data/repo/edit_profile_repo_impl_test.dart: EditprofileRepoImpl Unit Tests editProfile returns SuccessApiResult when datasource succeeds
00:33 +131 -1: C:/Users/20101/StudioProjects/flower_shop/test/features/edit_profile/data/repo/edit_profile_repo_impl_test.dart: EditprofileRepoImpl Unit Tests editProfile returns ErrorApiResult when datasource throws
[34m[­ƒîÄ Easy Localization] [WARNING] Localization key [error_message] not found[0m
00:33 +132 -1: C:/Users/20101/StudioProjects/flower_shop/test/features/edit_profile/data/repo/edit_profile_repo_impl_test.dart: EditprofileRepoImpl Unit Tests uploadPhoto returns SuccessApiResult when datasource succeeds
00:33 +133 -1: C:/Users/20101/StudioProjects/flower_shop/test/features/edit_profile/data/repo/edit_profile_repo_impl_test.dart: EditprofileRepoImpl Unit Tests uploadPhoto returns ErrorApiResult when repo fails
[34m[­ƒîÄ Easy Localization] [WARNING] Localization key [error_message] not found[0m
00:33 +134 -1: C:/Users/20101/StudioProjects/flower_shop/test/features/edit_profile/domain/usecases/edit_profile_usecase_test.dart: (setUpAll)
00:33 +134 -1: C:/Users/20101/StudioProjects/flower_shop/test/features/edit_profile/domain/usecases/edit_profile_usecase_test.dart: EditProfileUseCase returns SuccessApiResult when repo returns success
00:33 +135 -1: C:/Users/20101/StudioProjects/flower_shop/test/features/edit_profile/domain/usecases/edit_profile_usecase_test.dart: EditProfileUseCase returns ErrorApiResult when repo returns error
00:33 +136 -1: C:/Users/20101/StudioProjects/flower_shop/test/features/edit_profile/domain/usecases/edit_profile_usecase_test.dart: (tearDownAll)
00:34 +136 -1: C:/Users/20101/StudioProjects/flower_shop/test/features/edit_profile/domain/usecases/upload_photo_usecase_test.dart: should return SuccessApiResult when uploadPhoto succeeds
00:34 +137 -1: C:/Users/20101/StudioProjects/flower_shop/test/features/edit_profile/domain/usecases/upload_photo_usecase_test.dart: should return ErrorApiResult when uploadPhoto fails
00:35 +138 -1: C:/Users/20101/StudioProjects/flower_shop/test/features/edit_profile/presentation/manager/editProfileCubit/edit_profile_cubit_test.dart: EditProfileCubit emits [loading, success] when useCase returns SuccessApiResult
00:35 +139 -1: C:/Users/20101/StudioProjects/flower_shop/test/features/edit_profile/presentation/manager/editProfileCubit/edit_profile_cubit_test.dart: EditProfileCubit emits [loading, error] when useCase returns ErrorApiResult
00:36 +140 -1: C:/Users/20101/StudioProjects/flower_shop/test/features/e_commerce/data/datasource/ecommrce_remote_datasource_impl_test.dart: EcommerceRemoteDatasourceImpl.getProduct returns SuccessApiResult when apiClient succeeds
safeApiCall: Starting API call, isBaseResponse=false
00:36 +141 -1: C:/Users/20101/StudioProjects/flower_shop/test/features/e_commerce/data/datasource/ecommrce_remote_datasource_impl_test.dart: EcommerceRemoteDatasourceImpl.getProduct returns ErrorApiResult when apiClient throws DioException
safeApiCall: Starting API call, isBaseResponse=false
00:36 +142 -1: C:/Users/20101/StudioProjects/flower_shop/test/features/e_commerce/data/datasource/ecommrce_remote_datasource_impl_test.dart: EcommerceRemoteDataSourceImpl.allCaegories return ApiSuccess when get all categories
safeApiCall: Starting API call, isBaseResponse=false
00:36 +143 -1: C:/Users/20101/StudioProjects/flower_shop/test/features/e_commerce/data/datasource/ecommrce_remote_datasource_impl_test.dart: EcommerceRemoteDataSourceImpl.allCaegories return ApiError when get all categories throw exception
safeApiCall: Starting API call, isBaseResponse=false
00:36 +144 -1: C:/Users/20101/StudioProjects/flower_shop/test/features/e_commerce/data/mappers/all_categories_mapper_test.dart: AllCategoriesMapper should map AllCategoriesDto to AllCategoriesModel correctly
00:36 +145 -1: C:/Users/20101/StudioProjects/flower_shop/test/features/e_commerce/data/mappers/all_categories_mapper_test.dart: CategoryItemMapper should map CategoryItemDto to CategoryItemModel correctly
00:36 +146 -1: C:/Users/20101/StudioProjects/flower_shop/test/features/e_commerce/data/mappers/all_categories_mapper_test.dart: MetaDataMapper should map MetadataDto to MetadataModel correctly
00:37 +147 -1: C:/Users/20101/StudioProjects/flower_shop/test/features/e_commerce/data/models/all_categories_dto_test.dart: AllCategoriesDto JSON serialization fromJson should parse correctly
00:37 +148 -1: C:/Users/20101/StudioProjects/flower_shop/test/features/e_commerce/data/models/all_categories_dto_test.dart: AllCategoriesDto JSON serialization toJson should parse correctly
00:37 +149 -1: C:/Users/20101/StudioProjects/flower_shop/test/features/e_commerce/data/models/all_categories_dto_test.dart: CategoryItemDto JSON serialization fromJson works correctly
00:37 +150 -1: C:/Users/20101/StudioProjects/flower_shop/test/features/e_commerce/data/models/all_categories_dto_test.dart: CategoryItemDto JSON serialization toJson works correctly
00:37 +151 -1: C:/Users/20101/StudioProjects/flower_shop/test/features/e_commerce/data/models/all_categories_dto_test.dart: MetadataDto JSON serialization toJson and fromJson should work correctly
00:38 +152 -1: C:/Users/20101/StudioProjects/flower_shop/test/features/e_commerce/data/repos/ecommerce_repo_imp_test.dart: (setUpAll)
00:38 +152 -1: C:/Users/20101/StudioProjects/flower_shop/test/features/e_commerce/data/repos/ecommerce_repo_imp_test.dart: get product get product return SuccessApiResult
00:38 +153 -1: C:/Users/20101/StudioProjects/flower_shop/test/features/e_commerce/data/repos/ecommerce_repo_imp_test.dart: get product return ErrorApiResult
00:38 +154 -1: C:/Users/20101/StudioProjects/flower_shop/test/features/e_commerce/data/repos/ecommerce_repo_imp_test.dart: Get all categories should return ApiSuccess when get all categories success
00:38 +155 -1: C:/Users/20101/StudioProjects/flower_shop/test/features/e_commerce/data/repos/ecommerce_repo_imp_test.dart: Get all categories should return ApiError when get all categories throws exception
00:38 +156 -1: C:/Users/20101/StudioProjects/flower_shop/test/features/e_commerce/data/repos/ecommerce_repo_imp_test.dart: (tearDownAll)
00:38 +156 -1: C:/Users/20101/StudioProjects/flower_shop/test/features/e_commerce/domain/models/all_categories_model_test.dart: AllCategoriesModel should create instance with correct values
00:39 +157 -1: C:/Users/20101/StudioProjects/flower_shop/test/features/e_commerce/domain/models/all_categories_model_test.dart: CategoryItemModel should create instance correctly
00:39 +158 -1: C:/Users/20101/StudioProjects/flower_shop/test/features/e_commerce/domain/models/all_categories_model_test.dart: MetadataModel should create instance correctly
00:39 +159 -1: C:/Users/20101/StudioProjects/flower_shop/test/features/e_commerce/domain/usecase/all_categories_usecase_test.dart: (setUpAll)
00:39 +159 -1: C:/Users/20101/StudioProjects/flower_shop/test/features/e_commerce/domain/usecase/all_categories_usecase_test.dart: All categories use case return ApiSuccess when repo return get all categories success
00:39 +160 -1: C:/Users/20101/StudioProjects/flower_shop/test/features/e_commerce/domain/usecase/all_categories_usecase_test.dart: All categories use case return ApiError when repo return get all categories fail
00:39 +161 -1: C:/Users/20101/StudioProjects/flower_shop/test/features/e_commerce/domain/usecase/all_categories_usecase_test.dart: (tearDownAll)
00:40 +161 -1: C:/Users/20101/StudioProjects/flower_shop/test/features/e_commerce/presentation/categories/manager/all_categories_cubit_test.dart: (setUpAll)
00:40 +161 -1: C:/Users/20101/StudioProjects/flower_shop/test/features/e_commerce/presentation/categories/manager/all_categories_cubit_test.dart: Get all categories event emits loading, success when GetAllCategoriesEvent success
00:40 +162 -1: C:/Users/20101/StudioProjects/flower_shop/test/features/e_commerce/presentation/categories/manager/all_categories_cubit_test.dart: Get all categories event emits loading, error when GetAllCategoriesEvent fails
00:40 +163 -1: C:/Users/20101/StudioProjects/flower_shop/test/features/e_commerce/presentation/categories/manager/all_categories_cubit_test.dart: Select category calls getProducts when selecting All category
00:40 +164 -1: C:/Users/20101/StudioProjects/flower_shop/test/features/e_commerce/presentation/categories/manager/all_categories_cubit_test.dart: Select category does nothing when selecting same category index
00:40 +165 -1: C:/Users/20101/StudioProjects/flower_shop/test/features/e_commerce/presentation/categories/manager/all_categories_cubit_test.dart: Get products method emits products loading then success when selecting category
00:40 +166 -1: C:/Users/20101/StudioProjects/flower_shop/test/features/e_commerce/presentation/categories/manager/all_categories_cubit_test.dart: Get products method emits products error when getProducts fails
00:40 +167 -1: C:/Users/20101/StudioProjects/flower_shop/test/features/e_commerce/presentation/categories/manager/all_categories_cubit_test.dart: (tearDownAll)
00:40 +167 -1: C:/Users/20101/StudioProjects/flower_shop/test/features/e_commerce/presentation/occasion/manager/occasion_cubit_test.dart: occasion cubit test _getProduct  emits loading
00:40 +168 -1: C:/Users/20101/StudioProjects/flower_shop/test/features/e_commerce/presentation/occasion/manager/occasion_cubit_test.dart: occasion cubit test _getProduct  emits success when usecase returns success
00:41 +169 -1: C:/Users/20101/StudioProjects/flower_shop/test/features/e_commerce/presentation/occasion/manager/occasion_cubit_test.dart: occasion cubit test _getProduct  emits error when usecase returns error
00:41 +170 -1: C:/Users/20101/StudioProjects/flower_shop/test/features/e_commerce/presentation/occasion/manager/occasion_cubit_test.dart: occasion cubit test _getProduct  emits error when usecase throws exception
00:41 +171 -1: C:/Users/20101/StudioProjects/flower_shop/test/features/e_commerce/presentation/occasion/manager/occasion_cubit_test.dart: occasion cubit test _onTabChanged does not call usecase if tab is the same as the current one
00:41 +172 -1: C:/Users/20101/StudioProjects/flower_shop/test/features/e_commerce/presentation/occasion/manager/occasion_cubit_test.dart: occasion cubit test _onTabChanged emits loading and then success state on tab change with successful data fetch
00:41 +173 -1: C:/Users/20101/StudioProjects/flower_shop/test/features/e_commerce/presentation/occasion/manager/occasion_cubit_test.dart: occasion cubit test _onTabChanged emits loading and then error state on tab change with failed data fetch
00:41 +174 -1: C:/Users/20101/StudioProjects/flower_shop/test/features/home/api/home_remote_data_source_imp_test.dart: (setUpAll)
00:41 +174 -1: C:/Users/20101/StudioProjects/flower_shop/test/features/home/api/home_remote_data_source_imp_test.dart: HomeRemoteDataSourceImp.getHomeData() returns SuccessApiResult when apiClient returns valid response
safeApiCall: Starting API call, isBaseResponse=false
00:41 +175 -1: C:/Users/20101/StudioProjects/flower_shop/test/features/home/api/home_remote_data_source_imp_test.dart: HomeRemoteDataSourceImp.getHomeData() returns ErrorApiResult when apiClient throws Exception
safeApiCall: Starting API call, isBaseResponse=false
00:41 +176 -1: C:/Users/20101/StudioProjects/flower_shop/test/features/home/api/home_remote_data_source_imp_test.dart: (tearDownAll)
00:42 +176 -1: C:/Users/20101/StudioProjects/flower_shop/test/features/home/data/models/best_seller_model_test.dart: BestSeller.toEntity should convert BestSeller to BestSellerModel correctly
00:42 +177 -1: C:/Users/20101/StudioProjects/flower_shop/test/features/home/data/models/best_seller_model_test.dart: BestSeller.toEntity should handle null fields correctly
00:42 +178 -1: C:/Users/20101/StudioProjects/flower_shop/test/features/home/data/models/category_model_test.dart: Category.toEntity should convert Category to CategoryModel correctly
00:43 +179 -1: C:/Users/20101/StudioProjects/flower_shop/test/features/home/data/models/category_model_test.dart: Category.toEntity should handle null fields correctly
00:43 +180 -1: C:/Users/20101/StudioProjects/flower_shop/test/features/home/data/models/occasion_model_test.dart: Occasion.toEntity should convert Occasion to OccasionModel correctly
00:43 +181 -1: C:/Users/20101/StudioProjects/flower_shop/test/features/home/data/models/occasion_model_test.dart: Occasion.toEntity should handle null fields correctly
00:44 +182 -1: C:/Users/20101/StudioProjects/flower_shop/test/features/home/data/models/product_model_test.dart: Product.toEntity should convert Product to ProductModel correctly
00:44 +183 -1: C:/Users/20101/StudioProjects/flower_shop/test/features/home/data/models/product_model_test.dart: Product.toEntity should handle null fields correctly
00:44 +184 -1: C:/Users/20101/StudioProjects/flower_shop/test/features/home/data/models/response/home_response_test.dart: HomeResponse.toEntity should convert HomeResponse to HomeModel correctly
00:44 +185 -1: C:/Users/20101/StudioProjects/flower_shop/test/features/home/data/models/response/home_response_test.dart: HomeResponse.toEntity should handle null lists correctly
00:45 +186 -1: C:/Users/20101/StudioProjects/flower_shop/test/features/home/data/repos/home_repo_imp_test.dart: HomeRepoImp.getHomeData returns SuccessApiResult<HomeModel> when remote datasource succeeds
00:45 +187 -1: C:/Users/20101/StudioProjects/flower_shop/test/features/home/data/repos/home_repo_imp_test.dart: HomeRepoImp.getHomeData returns ErrorApiResult<HomeModel> when remote datasource fails
00:45 +188 -1: C:/Users/20101/StudioProjects/flower_shop/test/features/home/data/repos/home_repo_imp_test.dart: HomeRepoImp.getHomeData returns ErrorApiResult<HomeModel> with unknown error for unexpected result
00:45 +189 -1: C:/Users/20101/StudioProjects/flower_shop/test/features/home/domain/usecase/get_best_seller_usecase_test.dart: GetBestSellerUseCase should return list of BestSellerModel when repo returns SuccessApiResult
00:45 +190 -1: C:/Users/20101/StudioProjects/flower_shop/test/features/home/domain/usecase/get_best_seller_usecase_test.dart: GetBestSellerUseCase should return ErrorApiResult when repo returns ErrorApiResult
00:46 +191 -1: C:/Users/20101/StudioProjects/flower_shop/test/features/home/domain/usecase/get_categories_usecase_test.dart: GetCategoriesUseCase should return list of CategoryModel when repo returns SuccessApiResult
00:46 +192 -1: C:/Users/20101/StudioProjects/flower_shop/test/features/home/domain/usecase/get_categories_usecase_test.dart: GetCategoriesUseCase should return ErrorApiResult when repo returns ErrorApiResult
00:47 +193 -1: C:/Users/20101/StudioProjects/flower_shop/test/features/home/domain/usecase/get_occasions_usecase_test.dart: GetOccasionsUseCase should return list of OccasionModel when repo returns SuccessApiResult
00:47 +194 -1: C:/Users/20101/StudioProjects/flower_shop/test/features/home/domain/usecase/get_occasions_usecase_test.dart: GetOccasionsUseCase should return ErrorApiResult when repo returns ErrorApiResult
00:49 +195 -1: C:/Users/20101/StudioProjects/flower_shop/test/features/home/domain/usecase/get_products_usecase_test.dart: GetProductsUseCase should return list of ProductModel when repo returns SuccessApiResult
00:49 +196 -1: C:/Users/20101/StudioProjects/flower_shop/test/features/home/domain/usecase/get_products_usecase_test.dart: GetProductsUseCase should return ErrorApiResult when repo returns ErrorApiResult
00:50 +197 -1: C:/Users/20101/StudioProjects/flower_shop/test/features/home/presentation/manager/home_cubit_test.dart: LoadHomeData Intent emits loading then success for all lists
00:50 +198 -1: C:/Users/20101/StudioProjects/flower_shop/test/features/home/presentation/manager/home_cubit_test.dart: LoadHomeData Intent emits loading then success for all lists
00:52 +199 -1: C:/Users/20101/StudioProjects/flower_shop/test/features/main_profile/api/profile_remote_data_source_impl_test.dart: (setUpAll)
00:52 +199 -1: C:/Users/20101/StudioProjects/flower_shop/test/features/main_profile/api/profile_remote_data_source_impl_test.dart: ProfileRemoteDataSourceImpl.getProfile() returns SuccessApiResult when apiClient returns valid response
safeApiCall: Starting API call, isBaseResponse=false
00:52 +200 -1: C:/Users/20101/StudioProjects/flower_shop/test/features/main_profile/api/profile_remote_data_source_impl_test.dart: ProfileRemoteDataSourceImpl.getProfile() returns ErrorApiResult when apiClient throws Exception
safeApiCall: Starting API call, isBaseResponse=false
00:52 +201 -1: C:/Users/20101/StudioProjects/flower_shop/test/features/main_profile/api/profile_remote_data_source_impl_test.dart: ProfileRemoteDataSourceImpl.getAboutData() should return parsed about_app json file correctly
00:52 +202 -1: C:/Users/20101/StudioProjects/flower_shop/test/features/main_profile/api/profile_remote_data_source_impl_test.dart: ProfileRemoteDataSourceImpl.getTerms() should parse terms_and_conditions json correctly
00:52 +203 -1: C:/Users/20101/StudioProjects/flower_shop/test/features/main_profile/api/profile_remote_data_source_impl_test.dart: (tearDownAll)
00:52 +203 -1: C:/Users/20101/StudioProjects/flower_shop/test/features/main_profile/data/mappers/about_and_terms_dto_mapper_test.dart: AboutAndTermsDtoMapper should map AboutAndTermsDto to AboutAndTermsModel correctly
00:53 +204 -1: C:/Users/20101/StudioProjects/flower_shop/test/features/main_profile/data/mappers/text_style_dto_mapper_test.dart: TextStyleDtoMapper should map TextStyleDto to TextStyleModel correctly
00:54 +205 -1: C:/Users/20101/StudioProjects/flower_shop/test/features/main_profile/data/models/about_and_terms_dto_test.dart: AboutAndTermsDto fromJson should parse correctly
00:55 +206 -1: C:/Users/20101/StudioProjects/flower_shop/test/features/main_profile/data/models/profile_user_model_test.dart: ProfileUserModel fromJson should parse correctly
00:55 +207 -1: C:/Users/20101/StudioProjects/flower_shop/test/features/main_profile/data/models/response/profile_response_test.dart: ProfileResponse toDomain should return ProfileUserModel
00:56 +208 -1: C:/Users/20101/StudioProjects/flower_shop/test/features/main_profile/data/models/text_style_dto_test.dart: TextStyleDto fromJson should parse correctly
00:57 +209 -1: C:/Users/20101/StudioProjects/flower_shop/test/features/main_profile/data/repos/profile_repo_impl_test.dart: GetCurrentUser returns SuccessApiResult<ProfileUserModel> on success
00:57 +210 -1: C:/Users/20101/StudioProjects/flower_shop/test/features/main_profile/data/repos/profile_repo_impl_test.dart: GetCurrentUser returns ErrorApiResult when remote fails
00:57 +211 -1: C:/Users/20101/StudioProjects/flower_shop/test/features/main_profile/data/repos/profile_repo_impl_test.dart: Get About Data should return about json correctly
00:57 +212 -1: C:/Users/20101/StudioProjects/flower_shop/test/features/main_profile/data/repos/profile_repo_impl_test.dart: Get Terms And Conditions Data should return terms json correctly
00:57 +213 -1: C:/Users/20101/StudioProjects/flower_shop/test/features/main_profile/domain/get_current_user_usecase_test.dart: delegates call to ProfileRepo
00:59 +214 -1: C:/Users/20101/StudioProjects/flower_shop/test/features/main_profile/domain/models/about_and_terms_model_test.dart: AboutAndTermsModel should create instance with correct values
00:59 +215 -1: C:/Users/20101/StudioProjects/flower_shop/test/features/main_profile/domain/models/text_style_model_test.dart: TextStyleModel should create instance with correct values
01:00 +216 -1: C:/Users/20101/StudioProjects/flower_shop/test/features/main_profile/domain/usecase/get_about_section_usecase_test.dart: (setUpAll)
01:00 +216 -1: C:/Users/20101/StudioProjects/flower_shop/test/features/main_profile/domain/usecase/get_about_section_usecase_test.dart: Get about section use case repo return get about section success
01:00 +217 -1: C:/Users/20101/StudioProjects/flower_shop/test/features/main_profile/domain/usecase/get_about_section_usecase_test.dart: (tearDownAll)
01:01 +217 -1: C:/Users/20101/StudioProjects/flower_shop/test/features/main_profile/domain/usecase/get_current_user_usecase_test.dart: delegates call to ProfileRepo
01:01 +218 -1: C:/Users/20101/StudioProjects/flower_shop/test/features/main_profile/domain/usecase/get_terms_section_usecase_test.dart: (setUpAll)
01:01 +218 -1: C:/Users/20101/StudioProjects/flower_shop/test/features/main_profile/domain/usecase/get_terms_section_usecase_test.dart: Get terms section use case repo return get terms section success
01:01 +219 -1: C:/Users/20101/StudioProjects/flower_shop/test/features/main_profile/domain/usecase/get_terms_section_usecase_test.dart: (tearDownAll)
01:02 +219 -1: C:/Users/20101/StudioProjects/flower_shop/test/features/main_profile/presentation/cubit/profile_cubit_test.dart: LoadProfileEvent emits loading then success when profile loaded successfully
01:02 +220 -1: C:/Users/20101/StudioProjects/flower_shop/test/features/main_profile/presentation/cubit/profile_cubit_test.dart: LoadProfileEvent emits error when token is null
01:02 +221 -1: C:/Users/20101/StudioProjects/flower_shop/test/features/main_profile/presentation/cubit/profile_cubit_test.dart: Get About Section Data emit loading, success when get about data success
01:02 +222 -1: C:/Users/20101/StudioProjects/flower_shop/test/features/main_profile/presentation/cubit/profile_cubit_test.dart: Get About Section Data emit loading, error when get about data fails
01:02 +223 -1: C:/Users/20101/StudioProjects/flower_shop/test/features/main_profile/presentation/cubit/profile_cubit_test.dart: Get Terms And Conditions Section Data emit loading, success when get terms data success
01:02 +224 -1: C:/Users/20101/StudioProjects/flower_shop/test/features/main_profile/presentation/cubit/profile_cubit_test.dart: Get Terms And Conditions Section Data emit loading, error when get terms data fails
01:03 +225 -1: C:/Users/20101/StudioProjects/flower_shop/test/features/main_profile/presentation/profile_cubit_test.dart: LoadProfileEvent emits loading then success when profile loaded successfully
01:03 +226 -1: C:/Users/20101/StudioProjects/flower_shop/test/features/main_profile/presentation/profile_cubit_test.dart: LoadProfileEvent emits error when token is null
01:03 +227 -1: C:/Users/20101/StudioProjects/flower_shop/test/features/main_profile/presentation/profile_cubit_test.dart: Get About Section Data emit loading, success when get about data success
01:03 +228 -1: C:/Users/20101/StudioProjects/flower_shop/test/features/main_profile/presentation/profile_cubit_test.dart: Get About Section Data emit loading, error when get about data fails
01:03 +229 -1: C:/Users/20101/StudioProjects/flower_shop/test/features/main_profile/presentation/profile_cubit_test.dart: Get Terms And Conditions Section Data emit loading, success when get terms data success
01:03 +230 -1: C:/Users/20101/StudioProjects/flower_shop/test/features/main_profile/presentation/profile_cubit_test.dart: Get Terms And Conditions Section Data emit loading, error when get terms data fails
01:04 +231 -1: C:/Users/20101/StudioProjects/flower_shop/test/features/main_profile/presentation/screens/about_screen_test.dart: loading state ...
01:05 +232 -1: C:/Users/20101/StudioProjects/flower_shop/test/features/main_profile/presentation/screens/about_screen_test.dart: loading state ...
01:05 +233 -1: C:/Users/20101/StudioProjects/flower_shop/test/features/main_profile/presentation/screens/about_screen_test.dart: loading state ...
01:05 +234 -1: C:/Users/20101/StudioProjects/flower_shop/test/features/main_profile/presentation/screens/about_screen_test.dart: loading state ...
01:05 +235 -1: C:/Users/20101/StudioProjects/flower_shop/test/features/main_profile/presentation/screens/about_screen_test.dart: loading state ...
01:05 +236 -1: C:/Users/20101/StudioProjects/flower_shop/test/features/main_profile/presentation/screens/about_screen_test.dart: loading state ...
01:05 +237 -1: C:/Users/20101/StudioProjects/flower_shop/test/features/main_profile/presentation/screens/about_screen_test.dart: loading state ...
01:05 +238 -1: C:/Users/20101/StudioProjects/flower_shop/test/features/main_profile/presentation/screens/about_screen_test.dart: loading state ...
01:06 +238 -1: C:/Users/20101/StudioProjects/flower_shop/test/features/orders/api/datasource/orders_remote_datasource_impl_test.dart: OrdersRemoteDatasourceImpl.getUserCarts() should return ApiSuccess when get all carts succeeds
safeApiCall: Starting API call, isBaseResponse=false
01:06 +239 -1: C:/Users/20101/StudioProjects/flower_shop/test/features/main_profile/presentation/screens/about_screen_test.dart: loading state ...
01:06 +239 -1: C:/Users/20101/StudioProjects/flower_shop/test/features/orders/api/datasource/orders_remote_datasource_impl_test.dart: OrdersRemoteDatasourceImpl.getUserCarts() should return ApiError when cart throws exception
safeApiCall: Starting API call, isBaseResponse=false
01:06 +240 -1: C:/Users/20101/StudioProjects/flower_shop/test/features/main_profile/presentation/screens/about_screen_test.dart: loading state ...
01:06 +240 -1: C:/Users/20101/StudioProjects/flower_shop/test/features/orders/api/datasource/orders_remote_datasource_impl_test.dart: OrdersRemoteDatasourceImpl.addProductToCart() should return ApiSuccess when add product to cart succeeds
safeApiCall: Starting API call, isBaseResponse=false
01:06 +241 -1: C:/Users/20101/StudioProjects/flower_shop/test/features/main_profile/presentation/screens/about_screen_test.dart: loading state ...
01:06 +241 -1: C:/Users/20101/StudioProjects/flower_shop/test/features/orders/api/datasource/orders_remote_datasource_impl_test.dart: OrdersRemoteDatasourceImpl.addProductToCart() should return ApiError when add product to cart throws exception
safeApiCall: Starting API call, isBaseResponse=false
01:06 +242 -1: C:/Users/20101/StudioProjects/flower_shop/test/features/main_profile/presentation/screens/about_screen_test.dart: loading state ...
01:06 +242 -1: C:/Users/20101/StudioProjects/flower_shop/test/features/orders/api/datasource/orders_remote_datasource_impl_test.dart: OrdersRemoteDatasourceImpl.deleteCartItem() should return ApiSuccess when delete cart item succeeds
safeApiCall: Starting API call, isBaseResponse=false
01:06 +243 -1: C:/Users/20101/StudioProjects/flower_shop/test/features/main_profile/presentation/screens/about_screen_test.dart: loading state ...
01:06 +243 -1: C:/Users/20101/StudioProjects/flower_shop/test/features/orders/api/datasource/orders_remote_datasource_impl_test.dart: OrdersRemoteDatasourceImpl.deleteCartItem() should return ApiError when delete cart item throws exception
safeApiCall: Starting API call, isBaseResponse=false
01:06 +244 -1: C:/Users/20101/StudioProjects/flower_shop/test/features/main_profile/presentation/screens/about_screen_test.dart: loading state ...
01:06 +244 -1: C:/Users/20101/StudioProjects/flower_shop/test/features/orders/api/datasource/orders_remote_datasource_impl_test.dart: OrdersRemoteDatasourceImpl.updateCartItemQuantity() should return ApiSuccess when update cart item quantity succeeds
safeApiCall: Starting API call, isBaseResponse=false
01:06 +245 -1: C:/Users/20101/StudioProjects/flower_shop/test/features/main_profile/presentation/screens/about_screen_test.dart: loading state ...
01:06 +245 -1: C:/Users/20101/StudioProjects/flower_shop/test/features/orders/api/datasource/orders_remote_datasource_impl_test.dart: OrdersRemoteDatasourceImpl.updateCartItemQuantity() should return ApiError when update cart item quantity throws exception
safeApiCall: Starting API call, isBaseResponse=false
01:06 +246 -1: C:/Users/20101/StudioProjects/flower_shop/test/features/main_profile/presentation/screens/about_screen_test.dart: loading state ...
01:06 +246 -1: C:/Users/20101/StudioProjects/flower_shop/test/features/orders/api/datasource/orders_remote_datasource_impl_test.dart: OrdersRemoteDatasourceImpl.checkoutOrder() should return ApiSuccess when checkoutOrder succeeds
safeApiCall: Starting API call, isBaseResponse=false
01:06 +247 -1: C:/Users/20101/StudioProjects/flower_shop/test/features/main_profile/presentation/screens/about_screen_test.dart: loading state ...
01:06 +247 -1: C:/Users/20101/StudioProjects/flower_shop/test/features/orders/api/datasource/orders_remote_datasource_impl_test.dart: OrdersRemoteDatasourceImpl.checkoutOrder() should return ApiError when checkoutOrder throws exception
safeApiCall: Starting API call, isBaseResponse=false
01:06 +248 -1: C:/Users/20101/StudioProjects/flower_shop/test/features/main_profile/presentation/screens/about_screen_test.dart: loading state ...
[34m[­ƒîÄ Easy Localization] [WARNING] Localization key [aboutUs] not found[0m
[34m[­ƒîÄ Easy Localization] [WARNING] Localization key [aboutUs] not found[0m
01:07 +249 -1: C:/Users/20101/StudioProjects/flower_shop/test/features/orders/data/mappers/user_carts_dto_mapper_test.dart: UserCartsMapper should map UserCartsDto to UserCartsModel correctly
01:07 +250 -1: C:/Users/20101/StudioProjects/flower_shop/test/features/main_profile/presentation/screens/about_screen_test.dart: error state ...
01:07 +251 -1: C:/Users/20101/StudioProjects/flower_shop/test/features/main_profile/presentation/screens/about_screen_test.dart: error state ...
01:07 +252 -1: C:/Users/20101/StudioProjects/flower_shop/test/features/main_profile/presentation/screens/about_screen_test.dart: error state ...
01:07 +253 -1: C:/Users/20101/StudioProjects/flower_shop/test/features/main_profile/presentation/screens/about_screen_test.dart: error state ...
[34m[­ƒîÄ Easy Localization] [WARNING] Localization key [aboutUs] not found[0m
01:07 +254 -1: C:/Users/20101/StudioProjects/flower_shop/test/features/main_profile/presentation/screens/about_screen_test.dart: success state with empty list...
[34m[­ƒîÄ Easy Localization] [WARNING] Localization key [aboutUs] not found[0m
01:07 +255 -1: C:/Users/20101/StudioProjects/flower_shop/test/features/main_profile/presentation/screens/about_screen_test.dart: success state with data...
[34m[­ƒîÄ Easy Localization] [WARNING] Localization key [aboutUs] not found[0m
01:08 +256 -1: C:/Users/20101/StudioProjects/flower_shop/test/features/orders/data/models/paymentRequest_test.dart: PaymentRequest Model should deserialize JSON to PaymentRequest
01:08 +257 -1: C:/Users/20101/StudioProjects/flower_shop/test/features/orders/data/models/paymentResonse_test.dart: PaymentResponse Model should deserialize JSON to PaymentResponse
01:08 +258 -1: C:/Users/20101/StudioProjects/flower_shop/test/features/orders/data/models/paymentResonse_test.dart: PaymentResponse Model should deserialize JSON to PaymentResponse
01:08 +259 -1: C:/Users/20101/StudioProjects/flower_shop/test/features/orders/data/models/paymentResonse_test.dart: PaymentResponse Model should serialize PaymentResponse to JSON
01:09 +260 -1: C:/Users/20101/StudioProjects/flower_shop/test/features/orders/data/models/user_carts_dto_test.dart: UserCartsDto Json serialization fromJson should parse correctly
01:09 +261 -1: C:/Users/20101/StudioProjects/flower_shop/test/features/orders/data/models/user_carts_dto_test.dart: UserCartsDto Json serialization toJson should parse correctly
01:09 +262 -1: C:/Users/20101/StudioProjects/flower_shop/test/features/orders/data/models/user_carts_dto_test.dart: CartDto Json serialization fromJson should parse correctly
01:09 +263 -1: C:/Users/20101/StudioProjects/flower_shop/test/features/orders/data/models/user_carts_dto_test.dart: CartDto Json serialization toJson should parse correctly
01:09 +264 -1: C:/Users/20101/StudioProjects/flower_shop/test/features/orders/data/models/user_carts_dto_test.dart: CartItemsDto Json serialization fromJson should parse correctly
01:09 +265 -1: C:/Users/20101/StudioProjects/flower_shop/test/features/orders/data/models/user_carts_dto_test.dart: CartItemsDto Json serialization toJson should parse correctly
01:09 +266 -1: C:/Users/20101/StudioProjects/flower_shop/test/features/orders/data/models/user_carts_dto_test.dart: ProductCartDto Json serialization fromJson should parse correctly
01:09 +267 -1: C:/Users/20101/StudioProjects/flower_shop/test/features/orders/data/models/user_carts_dto_test.dart: ProductCartDto Json serialization toJson should parse correctly
01:09 +268 -1: C:/Users/20101/StudioProjects/flower_shop/test/features/orders/data/repos/orders_repo_impl_test.dart: (setUpAll)
01:09 +268 -1: C:/Users/20101/StudioProjects/flower_shop/test/features/orders/data/repos/orders_repo_impl_test.dart: Payment should return SuccessApiResult when payment succeeds
01:10 +269 -1: C:/Users/20101/StudioProjects/flower_shop/test/features/orders/data/repos/orders_repo_impl_test.dart: Payment should return ErrorApiResult when payment fails
01:10 +270 -1: C:/Users/20101/StudioProjects/flower_shop/test/features/orders/data/repos/orders_repo_impl_test.dart: Get user carts should return ApiSuccess when get all user carts success
01:10 +271 -1: C:/Users/20101/StudioProjects/flower_shop/test/features/orders/data/repos/orders_repo_impl_test.dart: Get user carts should return ApiError when get all user carts fails
01:10 +272 -1: C:/Users/20101/StudioProjects/flower_shop/test/features/orders/data/repos/orders_repo_impl_test.dart: Add product to cart should return ApiSuccess when add product to cart success
01:10 +273 -1: C:/Users/20101/StudioProjects/flower_shop/test/features/orders/data/repos/orders_repo_impl_test.dart: Add product to cart should return ApiError when add product to cart fails
01:10 +274 -1: C:/Users/20101/StudioProjects/flower_shop/test/features/orders/data/repos/orders_repo_impl_test.dart: Delete cart item should return ApiSuccess when delete cart item success
01:10 +275 -1: C:/Users/20101/StudioProjects/flower_shop/test/features/orders/data/repos/orders_repo_impl_test.dart: Delete cart item should return ApiError when delete cart item fails
01:10 +276 -1: C:/Users/20101/StudioProjects/flower_shop/test/features/orders/data/repos/orders_repo_impl_test.dart: Update cart item quantity should return ApiSuccess when update cart item quantity success
01:10 +277 -1: C:/Users/20101/StudioProjects/flower_shop/test/features/orders/data/repos/orders_repo_impl_test.dart: Update cart item quantity should return ApiError when update cart item quantity fails
01:10 +278 -1: C:/Users/20101/StudioProjects/flower_shop/test/features/orders/data/repos/orders_repo_impl_test.dart: (tearDownAll)
01:10 +278 -1: C:/Users/20101/StudioProjects/flower_shop/test/features/orders/domain/models/user_carts_model_test.dart: UserCartsModel should create instance with correct values
01:10 +279 -1: C:/Users/20101/StudioProjects/flower_shop/test/features/orders/domain/models/user_carts_model_test.dart: CartModel should create instance with correct values
01:10 +280 -1: C:/Users/20101/StudioProjects/flower_shop/test/features/orders/domain/models/user_carts_model_test.dart: CartItemsModel should create instance with correct values
01:10 +281 -1: C:/Users/20101/StudioProjects/flower_shop/test/features/orders/domain/models/user_carts_model_test.dart: ProductCartModel should create instance with correct values
01:10 +282 -1: C:/Users/20101/StudioProjects/flower_shop/test/features/orders/domain/usecase/add_product_to_cart_usecase_test.dart: (setUpAll)
01:10 +282 -1: C:/Users/20101/StudioProjects/flower_shop/test/features/orders/domain/usecase/add_product_to_cart_usecase_test.dart: Add product to cart use case return ApiSuccess when repo return add product to cart success
01:10 +283 -1: C:/Users/20101/StudioProjects/flower_shop/test/features/orders/domain/usecase/add_product_to_cart_usecase_test.dart: Add product to cart use case return ApiError when repo return add product to cart fail
01:10 +284 -1: C:/Users/20101/StudioProjects/flower_shop/test/features/orders/domain/usecase/add_product_to_cart_usecase_test.dart: (tearDownAll)
01:11 +284 -1: C:/Users/20101/StudioProjects/flower_shop/test/features/orders/domain/usecase/delete_cart_item_usecase_test.dart: (setUpAll)
01:11 +284 -1: C:/Users/20101/StudioProjects/flower_shop/test/features/orders/domain/usecase/delete_cart_item_usecase_test.dart: Delete cart item use case return ApiSuccess when repo return delete cart item success
01:11 +285 -1: C:/Users/20101/StudioProjects/flower_shop/test/features/orders/domain/usecase/delete_cart_item_usecase_test.dart: Delete cart item use case return ApiError when repo return delete cart item fail
01:11 +286 -1: C:/Users/20101/StudioProjects/flower_shop/test/features/orders/domain/usecase/delete_cart_item_usecase_test.dart: (tearDownAll)
01:12 +286 -1: C:/Users/20101/StudioProjects/flower_shop/test/features/orders/domain/usecase/get_user_carts_usecase_test.dart: (setUpAll)
01:12 +286 -1: C:/Users/20101/StudioProjects/flower_shop/test/features/orders/domain/usecase/get_user_carts_usecase_test.dart: Get user carts use case return ApiSuccess when repo return get all user carts success
01:12 +287 -1: C:/Users/20101/StudioProjects/flower_shop/test/features/orders/domain/usecase/get_user_carts_usecase_test.dart: Get user carts use case return ApiError when repo return get all user carts fail
01:12 +288 -1: C:/Users/20101/StudioProjects/flower_shop/test/features/orders/domain/usecase/get_user_carts_usecase_test.dart: (tearDownAll)
01:12 +288 -1: C:/Users/20101/StudioProjects/flower_shop/test/features/orders/domain/usecase/payment_usecase_test.dart: PaymentUsecase returns SuccessApiResult when repo succeeds
01:12 +289 -1: C:/Users/20101/StudioProjects/flower_shop/test/features/orders/domain/usecase/payment_usecase_test.dart: PaymentUsecase returns ErrorApiResult when repo fails
01:13 +290 -1: C:/Users/20101/StudioProjects/flower_shop/test/features/orders/domain/usecase/update_cart_item_quantity_usecase_test.dart: (setUpAll)
01:13 +290 -1: C:/Users/20101/StudioProjects/flower_shop/test/features/orders/domain/usecase/update_cart_item_quantity_usecase_test.dart: Update cart item quantity use case return ApiSuccess when repo return update cart item quantity success
01:13 +291 -1: C:/Users/20101/StudioProjects/flower_shop/test/features/orders/domain/usecase/update_cart_item_quantity_usecase_test.dart: Update cart item quantity use case return ApiError when repo return update cart item quantity fail
01:13 +292 -1: C:/Users/20101/StudioProjects/flower_shop/test/features/orders/domain/usecase/update_cart_item_quantity_usecase_test.dart: (tearDownAll)
01:14 +292 -1: C:/Users/20101/StudioProjects/flower_shop/test/features/orders/presentation/manager/cart_cubit_test.dart: (setUpAll)
01:14 +292 -1: C:/Users/20101/StudioProjects/flower_shop/test/features/orders/presentation/manager/cart_cubit_test.dart: Get All Carts emit loading, success when GetAllCartsIntent success
01:14 +293 -1: C:/Users/20101/StudioProjects/flower_shop/test/features/orders/presentation/manager/cart_cubit_test.dart: Get All Carts emits loading, error when GetAllCartsIntent fails
01:14 +294 -1: C:/Users/20101/StudioProjects/flower_shop/test/features/orders/presentation/manager/cart_cubit_test.dart: Add Product To Cart emit loading, success when AddProductToCartIntent success
01:14 +295 -1: C:/Users/20101/StudioProjects/flower_shop/test/features/orders/presentation/manager/cart_cubit_test.dart: Add Product To Cart emits loading, error when AddProductToCartIntent fails
01:14 +296 -1: C:/Users/20101/StudioProjects/flower_shop/test/features/orders/presentation/manager/cart_cubit_test.dart: Delete Cart Item emit loading, success when DeleteCartItemIntent success
01:14 +297 -1: C:/Users/20101/StudioProjects/flower_shop/test/features/orders/presentation/manager/cart_cubit_test.dart: Delete Cart Item emits loading, error when DeleteCartItemIntent fails
01:14 +298 -1: C:/Users/20101/StudioProjects/flower_shop/test/features/orders/presentation/manager/cart_cubit_test.dart: Update Cart Item Quantity emit loading, success when UpdateCartItemQuantityIntent success
01:14 +299 -1: C:/Users/20101/StudioProjects/flower_shop/test/features/orders/presentation/manager/cart_cubit_test.dart: Update Cart Item Quantity calls delete method when decreasing quantity from 1
01:14 +300 -1: C:/Users/20101/StudioProjects/flower_shop/test/features/orders/presentation/manager/cart_cubit_test.dart: Update Cart Item Quantity emits loading, error when UpdateCartItemQuantityIntent fails
01:14 +301 -1: C:/Users/20101/StudioProjects/flower_shop/test/features/orders/presentation/manager/cart_cubit_test.dart: (tearDownAll)
01:14 +301 -1: C:/Users/20101/StudioProjects/flower_shop/test/features/orders/presentation/manager/paymentcubit/payment_cubit_test.dart: (setUpAll)
01:14 +301 -1: C:/Users/20101/StudioProjects/flower_shop/test/features/orders/presentation/manager/paymentcubit/payment_cubit_test.dart: Execute Payment emit loading, success when ExecutePaymentIntent success
01:14 +302 -1: C:/Users/20101/StudioProjects/flower_shop/test/features/orders/presentation/manager/paymentcubit/payment_cubit_test.dart: Execute Payment emit loading, error when ExecutePaymentIntent fails
01:14 +303 -1: C:/Users/20101/StudioProjects/flower_shop/test/features/orders/presentation/manager/paymentcubit/payment_cubit_test.dart: resetAction sets lastAction to none
01:14 +304 -1: C:/Users/20101/StudioProjects/flower_shop/test/features/orders/presentation/manager/paymentcubit/payment_cubit_test.dart: (tearDownAll)
01:14 +304 -1: Some tests failed.
